I'm sorry, but errors were detected in your script. Please correct the
errors listed below, and try again.


File "game/user_screens.rpy", line 542: u'if' is not a keyword argument or valid child for the imagebutton statement.
    unhovered SetScreenVariable("stats",False) if not setstate
                                                 ^

Ren'Py Version: Ren'Py 6.99.13.2919
